Archive member included to satisfy reference by file (symbol)

libc.a(console.o)             malloc-defragmentation4.o (Console::vprintf(char const*, char*))
libc.a(stdio.o)               malloc-defragmentation4.o (printf)
libc.a(start.o)               (_start)
libc.a(init.o)                libc.a(start.o) (__init)
libc.a(mem_alloc.o)           malloc-defragmentation4.o (my_malloc)
libc.a(console_kernel.o)      libc.a(stdio.o) (vtable for Console_kernel)

Merging program properties

Removed property 0xc0000002 to merge libc.a(console.o) (0x3) and malloc-defragmentation4.o (not found)
Removed property 0xc0000002 to merge libc.a(console.o) (not found) and libc.a(stdio.o) (0x3)
Removed property 0xc0000002 to merge libc.a(console.o) (not found) and libc.a(init.o) (0x3)
Removed property 0xc0000002 to merge libc.a(console.o) (not found) and libc.a(mem_alloc.o) (0x3)
Removed property 0xc0000002 to merge libc.a(console.o) (not found) and libc.a(console_kernel.o) (0x3)

Discarded input sections

 .group         0x0000000000000000        0x8 malloc-defragmentation4.o
 .group         0x0000000000000000        0xc malloc-defragmentation4.o
 .group         0x0000000000000000        0xc malloc-defragmentation4.o
 .group         0x0000000000000000        0xc malloc-defragmentation4.o
 .note.GNU-stack
                0x0000000000000000        0x0 malloc-defragmentation4.o
 .eh_frame      0x0000000000000000      0x33c malloc-defragmentation4.o
 .group         0x0000000000000000        0x8 libc.a(console.o)
 .data          0x0000000000000000        0x0 libc.a(console.o)
 .bss           0x0000000000000000        0x0 libc.a(console.o)
 .note.GNU-stack
                0x0000000000000000        0x0 libc.a(console.o)
 .note.gnu.property
                0x0000000000000000       0x1c libc.a(console.o)
 .eh_frame      0x0000000000000000      0x180 libc.a(console.o)
 .group         0x0000000000000000        0x8 libc.a(stdio.o)
 .group         0x0000000000000000        0x8 libc.a(stdio.o)
 .group         0x0000000000000000        0x8 libc.a(stdio.o)
 .group         0x0000000000000000        0x8 libc.a(stdio.o)
 .data          0x0000000000000000        0x0 libc.a(stdio.o)
 .note.GNU-stack
                0x0000000000000000        0x0 libc.a(stdio.o)
 .note.gnu.property
                0x0000000000000000       0x1c libc.a(stdio.o)
 .eh_frame      0x0000000000000000      0x11c libc.a(stdio.o)
 .data          0x0000000000000000        0x0 libc.a(start.o)
 .bss           0x0000000000000000        0x0 libc.a(start.o)
 .group         0x0000000000000000        0x8 libc.a(init.o)
 .data          0x0000000000000000        0x0 libc.a(init.o)
 .bss           0x0000000000000000        0x0 libc.a(init.o)
 .text.__x86.get_pc_thunk.bx
                0x0000000000000000        0x4 libc.a(init.o)
 .note.GNU-stack
                0x0000000000000000        0x0 libc.a(init.o)
 .note.gnu.property
                0x0000000000000000       0x1c libc.a(init.o)
 .eh_frame      0x0000000000000000       0x58 libc.a(init.o)
 .group         0x0000000000000000        0x8 libc.a(mem_alloc.o)
 .group         0x0000000000000000        0x8 libc.a(mem_alloc.o)
 .data          0x0000000000000000        0x0 libc.a(mem_alloc.o)
 .text.__x86.get_pc_thunk.ax
                0x0000000000000000        0x4 libc.a(mem_alloc.o)
 .text.__x86.get_pc_thunk.bx
                0x0000000000000000        0x4 libc.a(mem_alloc.o)
 .note.GNU-stack
                0x0000000000000000        0x0 libc.a(mem_alloc.o)
 .note.gnu.property
                0x0000000000000000       0x1c libc.a(mem_alloc.o)
 .eh_frame      0x0000000000000000      0x10c libc.a(mem_alloc.o)
 .group         0x0000000000000000        0xc libc.a(console_kernel.o)
 .data          0x0000000000000000        0x0 libc.a(console_kernel.o)
 .bss           0x0000000000000000        0x0 libc.a(console_kernel.o)
 .note.GNU-stack
                0x0000000000000000        0x0 libc.a(console_kernel.o)
 .note.gnu.property
                0x0000000000000000       0x1c libc.a(console_kernel.o)
 .eh_frame      0x0000000000000000       0x5c libc.a(console_kernel.o)

Memory Configuration

Name             Origin             Length             Attributes
*default*        0x0000000000000000 0xffffffffffffffff

Linker script and memory map

                0x00000000c0000000                stack_top = 0xc0000000
                0x0000000000001000                . = 0x1000
                0x0000000000001074                . = (. + SIZEOF_HEADERS)

.text           0x0000000000001074      0xeb5
 *(.text*)
 .text          0x0000000000001074      0x65d malloc-defragmentation4.o
                0x00000000000010b4                malloc_ret_identifier(int)
                0x00000000000016a3                main
 *fill*         0x00000000000016d1        0x1 
 .text._ZN13ConsoleString4putcEi
                0x00000000000016d2       0x17 malloc-defragmentation4.o
                0x00000000000016d2                ConsoleString::putc(int)
 *fill*         0x00000000000016e9        0x1 
 .text._ZN13ConsoleString7sprintfEPKcz
                0x00000000000016ea       0x29 malloc-defragmentation4.o
                0x00000000000016ea                ConsoleString::sprintf(char const*, ...)
 *fill*         0x0000000000001713        0x1 
 .text          0x0000000000001714      0x45e libc.a(console.o)
                0x0000000000001714                Console::print_number(unsigned long long, unsigned int, unsigned int, unsigned int)
                0x000000000000189e                Console::vprintf(char const*, char*)
 .text.__x86.get_pc_thunk.si
                0x0000000000001b72        0x4 libc.a(console.o)
                0x0000000000001b72                __x86.get_pc_thunk.si
 .text          0x0000000000001b76       0xef libc.a(stdio.o)
                0x0000000000001bad                panic
                0x0000000000001bdf                printf
                0x0000000000001c26                puts
                0x0000000000001c4b                __cxa_pure_virtual
 *fill*         0x0000000000001c65        0x1 
 .text._ZN8Spinlock4lockEv
                0x0000000000001c66       0x1d libc.a(stdio.o)
                0x0000000000001c66                Spinlock::lock()
 .text.__x86.get_pc_thunk.ax
                0x0000000000001c83        0x4 libc.a(stdio.o)
                0x0000000000001c83                __x86.get_pc_thunk.ax
 .text.__x86.get_pc_thunk.cx
                0x0000000000001c87        0x4 libc.a(stdio.o)
                0x0000000000001c87                __x86.get_pc_thunk.cx
 .text.__x86.get_pc_thunk.bx
                0x0000000000001c8b        0x4 libc.a(stdio.o)
                0x0000000000001c8b                __x86.get_pc_thunk.bx
 .text          0x0000000000001c8f       0x11 libc.a(start.o)
                0x0000000000001c8f                _start
 .text          0x0000000000001ca0       0x59 libc.a(init.o)
                0x0000000000001ca0                __init
 .text          0x0000000000001cf9      0x1e1 libc.a(mem_alloc.o)
                0x0000000000001cf9                new_free_memory_chunck
                0x0000000000001d51                my_malloc
                0x0000000000001e57                my_free
 .text          0x0000000000001eda       0x4f libc.a(console_kernel.o)
                0x0000000000001ef2                Console_kernel::putc(int)

.iplt           0x0000000000001f29        0x0
 .iplt          0x0000000000001f29        0x0 malloc-defragmentation4.o

.eh_frame_hdr   0x0000000000001f2c        0x0
 .eh_frame_hdr  0x0000000000001f2c        0x0 malloc-defragmentation4.o

.rel.dyn        0x0000000000001f2c        0x0
 .rel.got       0x0000000000001f2c        0x0 malloc-defragmentation4.o
 .rel.iplt      0x0000000000001f2c        0x0 malloc-defragmentation4.o
 .rel.text      0x0000000000001f2c        0x0 malloc-defragmentation4.o
 .rel.rodata._ZTV13ConsoleString
                0x0000000000001f2c        0x0 malloc-defragmentation4.o

.init_array     0x0000000000001f2c       0xd4
                0x0000000000001f2c                PROVIDE (CTORS_L = .)
 *(.init_array.65534 .ctors.00001)
                0x0000000000001f2c                PROVIDE (CTORS_G = .)
 *(.init_array.* .ctors.*)
 .init_array.00101
                0x0000000000001f2c        0x4 libc.a(stdio.o)
 *(.init_array .ctors)
                0x0000000000001f30                PROVIDE (CTORS_E = .)
                0x0000000000002000                . = ALIGN (0x1000)
 *fill*         0x0000000000001f30       0xd0 
                0x0000000000002000                . = ALIGN (0x1000)

.data           0x0000000000002000      0x548
                0x0000000000002000        0x1 BYTE 0x42
 *(.rodata*)
 *fill*         0x0000000000002001        0x3 
 .rodata.str1.4
                0x0000000000002004      0x2bb malloc-defragmentation4.o
 .rodata.str1.1
                0x00000000000022bf       0x73 malloc-defragmentation4.o
                                         0x74 (size before relaxing)
 *fill*         0x0000000000002332        0x2 
 .rodata._ZTV7Console
                0x0000000000002334        0xc malloc-defragmentation4.o
                0x0000000000002334                vtable for Console
 .rodata._ZTV13ConsoleString
                0x0000000000002340        0xc malloc-defragmentation4.o
                0x0000000000002340                vtable for ConsoleString
 .rodata.str1.1
                0x000000000000234c       0x11 libc.a(console.o)
 *fill*         0x000000000000235d        0x3 
 .rodata        0x0000000000002360      0x158 libc.a(console.o)
 .rodata.str1.1
                0x00000000000024b8        0x4 libc.a(stdio.o)
 .rodata.str1.1
                0x00000000000024bc       0x6a libc.a(mem_alloc.o)
 *(.data*)
 *fill*         0x0000000000002526        0x2 
 .data          0x0000000000002528       0x14 malloc-defragmentation4.o
                0x0000000000002538                cookie
 .data.rel.ro.local._ZTV14Console_kernel
                0x000000000000253c        0xc libc.a(console_kernel.o)
                0x000000000000253c                vtable for Console_kernel

.got            0x0000000000002548        0x0
 .got           0x0000000000002548        0x0 malloc-defragmentation4.o

.got.plt        0x0000000000002548        0xc
 .got.plt       0x0000000000002548        0xc malloc-defragmentation4.o
                0x0000000000002548                _GLOBAL_OFFSET_TABLE_

.igot.plt       0x0000000000002554        0x0
 .igot.plt      0x0000000000002554        0x0 malloc-defragmentation4.o

.bss            0x0000000000002560      0x260
 *(.bss*)
 .bss           0x0000000000002560      0x1c0 malloc-defragmentation4.o
 .bss           0x0000000000002720       0x90 libc.a(stdio.o)
                0x0000000000002720                printf_lock
                0x0000000000002740                console
 .bss           0x00000000000027b0       0x10 libc.a(mem_alloc.o)
                0x00000000000027b0                break_min
                0x00000000000027b4                break_current
                0x00000000000027b8                tail
                0x00000000000027bc                head
                [!provide]                        PROVIDE (BSS_E = .)

.stab
 *(.stab)

.stabstr
 *(.stabstr)

.stab.excl
 *(.stab.excl)

.stab.exclstr
 *(.stab.exclstr)

.stab.index
 *(.stab.index)

.stab.indexstr
 *(.stab.indexstr)

.comment        0x0000000000000000       0x3c
 *(.comment)
 .comment       0x0000000000000000       0x12 malloc-defragmentation4.o
                                         0x13 (size before relaxing)
 .comment       0x0000000000000012       0x2a libc.a(console.o)
                                         0x2b (size before relaxing)
 .comment       0x000000000000003c       0x2b libc.a(stdio.o)
 .comment       0x000000000000003c       0x2b libc.a(init.o)
 .comment       0x000000000000003c       0x2b libc.a(mem_alloc.o)
 .comment       0x000000000000003c       0x2b libc.a(console_kernel.o)

.debug
 *(.debug)

.line
 *(.line)

.debug_srcinfo
 *(.debug_srcinfo)

.debug_sfnames
 *(.debug_sfnames)

.debug_aranges  0x0000000000000000       0xc8
 *(.debug_aranges)
 .debug_aranges
                0x0000000000000000       0x20 libc.a(console.o)
 .debug_aranges
                0x0000000000000020       0x28 libc.a(stdio.o)
 .debug_aranges
                0x0000000000000048       0x20 libc.a(start.o)
 .debug_aranges
                0x0000000000000068       0x20 libc.a(init.o)
 .debug_aranges
                0x0000000000000088       0x20 libc.a(mem_alloc.o)
 .debug_aranges
                0x00000000000000a8       0x20 libc.a(console_kernel.o)

.debug_pubnames
 *(.debug_pubnames)

.debug_info     0x0000000000000000     0x15cb
 *(.debug_info .gnu.linkonce.wi.*)
 .debug_info    0x0000000000000000      0x515 libc.a(console.o)
 .debug_info    0x0000000000000515      0x7e6 libc.a(stdio.o)
 .debug_info    0x0000000000000cfb       0x26 libc.a(start.o)
 .debug_info    0x0000000000000d21      0x1d6 libc.a(init.o)
 .debug_info    0x0000000000000ef7      0x394 libc.a(mem_alloc.o)
 .debug_info    0x000000000000128b      0x340 libc.a(console_kernel.o)

.debug_abbrev   0x0000000000000000      0xb51
 *(.debug_abbrev)
 .debug_abbrev  0x0000000000000000      0x290 libc.a(console.o)
 .debug_abbrev  0x0000000000000290      0x411 libc.a(stdio.o)
 .debug_abbrev  0x00000000000006a1       0x14 libc.a(start.o)
 .debug_abbrev  0x00000000000006b5      0x10d libc.a(init.o)
 .debug_abbrev  0x00000000000007c2      0x17c libc.a(mem_alloc.o)
 .debug_abbrev  0x000000000000093e      0x213 libc.a(console_kernel.o)

.debug_line     0x0000000000000000      0xa4f
 *(.debug_line .debug_line.* .debug_line_end)
 .debug_line    0x0000000000000000      0x429 libc.a(console.o)
 .debug_line    0x0000000000000429      0x1ca libc.a(stdio.o)
 .debug_line    0x00000000000005f3       0x3c libc.a(start.o)
 .debug_line    0x000000000000062f      0x102 libc.a(init.o)
 .debug_line    0x0000000000000731      0x222 libc.a(mem_alloc.o)
 .debug_line    0x0000000000000953       0xfc libc.a(console_kernel.o)

.debug_frame
 *(.debug_frame)

.debug_str      0x0000000000000000      0x865
 *(.debug_str)
 .debug_str     0x0000000000000000      0x304 libc.a(console.o)
                                        0x338 (size before relaxing)
 .debug_str     0x0000000000000304      0x311 libc.a(stdio.o)
                                        0x5e5 (size before relaxing)
 .debug_str     0x0000000000000615       0x18 libc.a(start.o)
                                         0x47 (size before relaxing)
 .debug_str     0x000000000000062d       0x8a libc.a(init.o)
                                        0x239 (size before relaxing)
 .debug_str     0x00000000000006b7      0x155 libc.a(mem_alloc.o)
                                        0x1e2 (size before relaxing)
 .debug_str     0x000000000000080c       0x59 libc.a(console_kernel.o)
                                        0x313 (size before relaxing)

.debug_loc      0x0000000000000000      0xc10
 *(.debug_loc)
 .debug_loc     0x0000000000000000      0x6a3 libc.a(console.o)
 .debug_loc     0x00000000000006a3      0x174 libc.a(stdio.o)
 .debug_loc     0x0000000000000817       0x5e libc.a(init.o)
 .debug_loc     0x0000000000000875      0x289 libc.a(mem_alloc.o)
 .debug_loc     0x0000000000000afe      0x112 libc.a(console_kernel.o)

.debug_macinfo
 *(.debug_macinfo)

.debug_weaknames
 *(.debug_weaknames)

.debug_funcnames
 *(.debug_funcnames)

.debug_typenames
 *(.debug_typenames)

.debug_varnames
 *(.debug_varnames)

.debug_pubtypes
 *(.debug_pubtypes)

.debug_ranges   0x0000000000000000       0x48
 *(.debug_ranges)
 .debug_ranges  0x0000000000000000       0x18 libc.a(console.o)
 .debug_ranges  0x0000000000000018       0x30 libc.a(stdio.o)

.debug_macro
 *(.debug_macro)

.debug_addr
 *(.debug_addr)

.gnu.attributes
 *(.gnu.attributes)

/DISCARD/
 *(.note.GNU-stack)
 *(.gnu_debuglink)
 *(.gnu.lto_*)
LOAD malloc-defragmentation4.o
LOAD libc.a
OUTPUT(malloc-defragmentation4 elf32-i386)
