Archive member included to satisfy reference by file (symbol)

libc.a(console.o)             malloc-3m3f.o (Console::vprintf(char const*, char*))
libc.a(stdio.o)               malloc-3m3f.o (printf)
libc.a(start.o)               (_start)
libc.a(init.o)                libc.a(start.o) (__init)
libc.a(mem_alloc.o)           malloc-3m3f.o (my_malloc)
libc.a(console_kernel.o)      libc.a(stdio.o) (vtable for Console_kernel)

Merging program properties

Removed property 0xc0000002 to merge libc.a(console.o) (0x3) and malloc-3m3f.o (not found)
Removed property 0xc0000002 to merge libc.a(console.o) (not found) and libc.a(stdio.o) (0x3)
Removed property 0xc0000002 to merge libc.a(console.o) (not found) and libc.a(init.o) (0x3)
Removed property 0xc0000002 to merge libc.a(console.o) (not found) and libc.a(mem_alloc.o) (0x3)
Removed property 0xc0000002 to merge libc.a(console.o) (not found) and libc.a(console_kernel.o) (0x3)

Discarded input sections

 .group         0x0000000000000000        0x8 malloc-3m3f.o
 .group         0x0000000000000000        0xc malloc-3m3f.o
 .group         0x0000000000000000        0xc malloc-3m3f.o
 .group         0x0000000000000000        0xc malloc-3m3f.o
 .note.GNU-stack
                0x0000000000000000        0x0 malloc-3m3f.o
 .eh_frame      0x0000000000000000      0x258 malloc-3m3f.o
 .group         0x0000000000000000        0x8 libc.a(console.o)
 .data          0x0000000000000000        0x0 libc.a(console.o)
 .bss           0x0000000000000000        0x0 libc.a(console.o)
 .note.GNU-stack
                0x0000000000000000        0x0 libc.a(console.o)
 .note.gnu.property
                0x0000000000000000       0x1c libc.a(console.o)
 .eh_frame      0x0000000000000000      0x180 libc.a(console.o)
 .group         0x0000000000000000        0x8 libc.a(stdio.o)
 .group         0x0000000000000000        0x8 libc.a(stdio.o)
 .group         0x0000000000000000        0x8 libc.a(stdio.o)
 .group         0x0000000000000000        0x8 libc.a(stdio.o)
 .data          0x0000000000000000        0x0 libc.a(stdio.o)
 .note.GNU-stack
                0x0000000000000000        0x0 libc.a(stdio.o)
 .note.gnu.property
                0x0000000000000000       0x1c libc.a(stdio.o)
 .eh_frame      0x0000000000000000      0x11c libc.a(stdio.o)
 .data          0x0000000000000000        0x0 libc.a(start.o)
 .bss           0x0000000000000000        0x0 libc.a(start.o)
 .group         0x0000000000000000        0x8 libc.a(init.o)
 .data          0x0000000000000000        0x0 libc.a(init.o)
 .bss           0x0000000000000000        0x0 libc.a(init.o)
 .text.__x86.get_pc_thunk.bx
                0x0000000000000000        0x4 libc.a(init.o)
 .note.GNU-stack
                0x0000000000000000        0x0 libc.a(init.o)
 .note.gnu.property
                0x0000000000000000       0x1c libc.a(init.o)
 .eh_frame      0x0000000000000000       0x58 libc.a(init.o)
 .group         0x0000000000000000        0x8 libc.a(mem_alloc.o)
 .group         0x0000000000000000        0x8 libc.a(mem_alloc.o)
 .data          0x0000000000000000        0x0 libc.a(mem_alloc.o)
 .text.__x86.get_pc_thunk.ax
                0x0000000000000000        0x4 libc.a(mem_alloc.o)
 .text.__x86.get_pc_thunk.bx
                0x0000000000000000        0x4 libc.a(mem_alloc.o)
 .note.GNU-stack
                0x0000000000000000        0x0 libc.a(mem_alloc.o)
 .note.gnu.property
                0x0000000000000000       0x1c libc.a(mem_alloc.o)
 .eh_frame      0x0000000000000000       0xfc libc.a(mem_alloc.o)
 .group         0x0000000000000000        0xc libc.a(console_kernel.o)
 .data          0x0000000000000000        0x0 libc.a(console_kernel.o)
 .bss           0x0000000000000000        0x0 libc.a(console_kernel.o)
 .note.GNU-stack
                0x0000000000000000        0x0 libc.a(console_kernel.o)
 .note.gnu.property
                0x0000000000000000       0x1c libc.a(console_kernel.o)
 .eh_frame      0x0000000000000000       0x5c libc.a(console_kernel.o)

Memory Configuration

Name             Origin             Length             Attributes
*default*        0x0000000000000000 0xffffffffffffffff

Linker script and memory map

                0x00000000c0000000                stack_top = 0xc0000000
                0x0000000000001000                . = 0x1000
                0x0000000000001074                . = (. + SIZEOF_HEADERS)

.text           0x0000000000001074      0xb89
 *(.text*)
 .text          0x0000000000001074      0x381 malloc-3m3f.o
                0x00000000000010b4                malloc_ret_identifier(int)
                0x00000000000013c7                main
 *fill*         0x00000000000013f5        0x1 
 .text._ZN13ConsoleString4putcEi
                0x00000000000013f6       0x17 malloc-3m3f.o
                0x00000000000013f6                ConsoleString::putc(int)
 *fill*         0x000000000000140d        0x1 
 .text._ZN13ConsoleString7sprintfEPKcz
                0x000000000000140e       0x29 malloc-3m3f.o
                0x000000000000140e                ConsoleString::sprintf(char const*, ...)
 *fill*         0x0000000000001437        0x1 
 .text          0x0000000000001438      0x45e libc.a(console.o)
                0x0000000000001438                Console::print_number(unsigned long long, unsigned int, unsigned int, unsigned int)
                0x00000000000015c2                Console::vprintf(char const*, char*)
 .text.__x86.get_pc_thunk.si
                0x0000000000001896        0x4 libc.a(console.o)
                0x0000000000001896                __x86.get_pc_thunk.si
 .text          0x000000000000189a       0xef libc.a(stdio.o)
                0x00000000000018d1                panic
                0x0000000000001903                printf
                0x000000000000194a                puts
                0x000000000000196f                __cxa_pure_virtual
 *fill*         0x0000000000001989        0x1 
 .text._ZN8Spinlock4lockEv
                0x000000000000198a       0x1d libc.a(stdio.o)
                0x000000000000198a                Spinlock::lock()
 .text.__x86.get_pc_thunk.ax
                0x00000000000019a7        0x4 libc.a(stdio.o)
                0x00000000000019a7                __x86.get_pc_thunk.ax
 .text.__x86.get_pc_thunk.cx
                0x00000000000019ab        0x4 libc.a(stdio.o)
                0x00000000000019ab                __x86.get_pc_thunk.cx
 .text.__x86.get_pc_thunk.bx
                0x00000000000019af        0x4 libc.a(stdio.o)
                0x00000000000019af                __x86.get_pc_thunk.bx
 .text          0x00000000000019b3       0x11 libc.a(start.o)
                0x00000000000019b3                _start
 .text          0x00000000000019c4       0x59 libc.a(init.o)
                0x00000000000019c4                __init
 .text          0x0000000000001a1d      0x191 libc.a(mem_alloc.o)
                0x0000000000001a1d                free_memory_chunck
                0x0000000000001a49                my_malloc
                0x0000000000001b2b                my_free
 .text          0x0000000000001bae       0x4f libc.a(console_kernel.o)
                0x0000000000001bc6                Console_kernel::putc(int)

.iplt           0x0000000000001bfd        0x0
 .iplt          0x0000000000001bfd        0x0 malloc-3m3f.o

.eh_frame_hdr   0x0000000000001c00        0x0
 .eh_frame_hdr  0x0000000000001c00        0x0 malloc-3m3f.o

.rel.dyn        0x0000000000001c00        0x0
 .rel.got       0x0000000000001c00        0x0 malloc-3m3f.o
 .rel.iplt      0x0000000000001c00        0x0 malloc-3m3f.o
 .rel.text      0x0000000000001c00        0x0 malloc-3m3f.o
 .rel.rodata._ZTV13ConsoleString
                0x0000000000001c00        0x0 malloc-3m3f.o

.init_array     0x0000000000001c00      0x400
                0x0000000000001c00                PROVIDE (CTORS_L = .)
 *(.init_array.65534 .ctors.00001)
                0x0000000000001c00                PROVIDE (CTORS_G = .)
 *(.init_array.* .ctors.*)
 .init_array.00101
                0x0000000000001c00        0x4 libc.a(stdio.o)
 *(.init_array .ctors)
                0x0000000000001c04                PROVIDE (CTORS_E = .)
                0x0000000000002000                . = ALIGN (0x1000)
 *fill*         0x0000000000001c04      0x3fc 
                0x0000000000002000                . = ALIGN (0x1000)

.data           0x0000000000002000      0x410
                0x0000000000002000        0x1 BYTE 0x42
 *(.rodata*)
 *fill*         0x0000000000002001        0x3 
 .rodata.str1.4
                0x0000000000002004      0x1ce malloc-3m3f.o
 .rodata.str1.1
                0x00000000000021d2       0x1d malloc-3m3f.o
                                         0x1e (size before relaxing)
 *fill*         0x00000000000021ef        0x1 
 .rodata._ZTV7Console
                0x00000000000021f0        0xc malloc-3m3f.o
                0x00000000000021f0                vtable for Console
 .rodata._ZTV13ConsoleString
                0x00000000000021fc        0xc malloc-3m3f.o
                0x00000000000021fc                vtable for ConsoleString
 .rodata        0x0000000000002208        0xc malloc-3m3f.o
 .rodata.str1.1
                0x0000000000002214       0x11 libc.a(console.o)
 *fill*         0x0000000000002225        0x3 
 .rodata        0x0000000000002228      0x158 libc.a(console.o)
 .rodata.str1.1
                0x0000000000002380        0x4 libc.a(stdio.o)
 .rodata.str1.1
                0x0000000000002384       0x6a libc.a(mem_alloc.o)
 *(.data*)
 *fill*         0x00000000000023ee        0x2 
 .data          0x00000000000023f0       0x14 malloc-3m3f.o
                0x0000000000002400                cookie
 .data.rel.ro.local._ZTV14Console_kernel
                0x0000000000002404        0xc libc.a(console_kernel.o)
                0x0000000000002404                vtable for Console_kernel

.got            0x0000000000002410        0x0
 .got           0x0000000000002410        0x0 malloc-3m3f.o

.got.plt        0x0000000000002410        0xc
 .got.plt       0x0000000000002410        0xc malloc-3m3f.o
                0x0000000000002410                _GLOBAL_OFFSET_TABLE_

.igot.plt       0x000000000000241c        0x0
 .igot.plt      0x000000000000241c        0x0 malloc-3m3f.o

.bss            0x0000000000002420       0xc0
 *(.bss*)
 .bss           0x0000000000002420       0x1c malloc-3m3f.o
 *fill*         0x000000000000243c        0x4 
 .bss           0x0000000000002440       0x90 libc.a(stdio.o)
                0x0000000000002440                printf_lock
                0x0000000000002460                console
 .bss           0x00000000000024d0       0x10 libc.a(mem_alloc.o)
                0x00000000000024d0                break_min
                0x00000000000024d4                break_current
                0x00000000000024d8                tail
                0x00000000000024dc                head
                [!provide]                        PROVIDE (BSS_E = .)

.stab
 *(.stab)

.stabstr
 *(.stabstr)

.stab.excl
 *(.stab.excl)

.stab.exclstr
 *(.stab.exclstr)

.stab.index
 *(.stab.index)

.stab.indexstr
 *(.stab.indexstr)

.comment        0x0000000000000000       0x3c
 *(.comment)
 .comment       0x0000000000000000       0x12 malloc-3m3f.o
                                         0x13 (size before relaxing)
 .comment       0x0000000000000012       0x2a libc.a(console.o)
                                         0x2b (size before relaxing)
 .comment       0x000000000000003c       0x2b libc.a(stdio.o)
 .comment       0x000000000000003c       0x2b libc.a(init.o)
 .comment       0x000000000000003c       0x2b libc.a(mem_alloc.o)
 .comment       0x000000000000003c       0x2b libc.a(console_kernel.o)

.debug
 *(.debug)

.line
 *(.line)

.debug_srcinfo
 *(.debug_srcinfo)

.debug_sfnames
 *(.debug_sfnames)

.debug_aranges  0x0000000000000000       0xc8
 *(.debug_aranges)
 .debug_aranges
                0x0000000000000000       0x20 libc.a(console.o)
 .debug_aranges
                0x0000000000000020       0x28 libc.a(stdio.o)
 .debug_aranges
                0x0000000000000048       0x20 libc.a(start.o)
 .debug_aranges
                0x0000000000000068       0x20 libc.a(init.o)
 .debug_aranges
                0x0000000000000088       0x20 libc.a(mem_alloc.o)
 .debug_aranges
                0x00000000000000a8       0x20 libc.a(console_kernel.o)

.debug_pubnames
 *(.debug_pubnames)

.debug_info     0x0000000000000000     0x15b5
 *(.debug_info .gnu.linkonce.wi.*)
 .debug_info    0x0000000000000000      0x515 libc.a(console.o)
 .debug_info    0x0000000000000515      0x7e6 libc.a(stdio.o)
 .debug_info    0x0000000000000cfb       0x26 libc.a(start.o)
 .debug_info    0x0000000000000d21      0x1d6 libc.a(init.o)
 .debug_info    0x0000000000000ef7      0x37e libc.a(mem_alloc.o)
 .debug_info    0x0000000000001275      0x340 libc.a(console_kernel.o)

.debug_abbrev   0x0000000000000000      0xb67
 *(.debug_abbrev)
 .debug_abbrev  0x0000000000000000      0x290 libc.a(console.o)
 .debug_abbrev  0x0000000000000290      0x411 libc.a(stdio.o)
 .debug_abbrev  0x00000000000006a1       0x14 libc.a(start.o)
 .debug_abbrev  0x00000000000006b5      0x10d libc.a(init.o)
 .debug_abbrev  0x00000000000007c2      0x192 libc.a(mem_alloc.o)
 .debug_abbrev  0x0000000000000954      0x213 libc.a(console_kernel.o)

.debug_line     0x0000000000000000      0x9da
 *(.debug_line .debug_line.* .debug_line_end)
 .debug_line    0x0000000000000000      0x429 libc.a(console.o)
 .debug_line    0x0000000000000429      0x1ca libc.a(stdio.o)
 .debug_line    0x00000000000005f3       0x3c libc.a(start.o)
 .debug_line    0x000000000000062f      0x102 libc.a(init.o)
 .debug_line    0x0000000000000731      0x1ad libc.a(mem_alloc.o)
 .debug_line    0x00000000000008de       0xfc libc.a(console_kernel.o)

.debug_frame
 *(.debug_frame)

.debug_str      0x0000000000000000      0x85a
 *(.debug_str)
 .debug_str     0x0000000000000000      0x304 libc.a(console.o)
                                        0x338 (size before relaxing)
 .debug_str     0x0000000000000304      0x311 libc.a(stdio.o)
                                        0x5e5 (size before relaxing)
 .debug_str     0x0000000000000615       0x18 libc.a(start.o)
                                         0x47 (size before relaxing)
 .debug_str     0x000000000000062d       0x8a libc.a(init.o)
                                        0x239 (size before relaxing)
 .debug_str     0x00000000000006b7      0x14a libc.a(mem_alloc.o)
                                        0x1cc (size before relaxing)
 .debug_str     0x0000000000000801       0x59 libc.a(console_kernel.o)
                                        0x313 (size before relaxing)

.debug_loc      0x0000000000000000      0xba7
 *(.debug_loc)
 .debug_loc     0x0000000000000000      0x6a3 libc.a(console.o)
 .debug_loc     0x00000000000006a3      0x174 libc.a(stdio.o)
 .debug_loc     0x0000000000000817       0x5e libc.a(init.o)
 .debug_loc     0x0000000000000875      0x220 libc.a(mem_alloc.o)
 .debug_loc     0x0000000000000a95      0x112 libc.a(console_kernel.o)

.debug_macinfo
 *(.debug_macinfo)

.debug_weaknames
 *(.debug_weaknames)

.debug_funcnames
 *(.debug_funcnames)

.debug_typenames
 *(.debug_typenames)

.debug_varnames
 *(.debug_varnames)

.debug_pubtypes
 *(.debug_pubtypes)

.debug_ranges   0x0000000000000000       0x48
 *(.debug_ranges)
 .debug_ranges  0x0000000000000000       0x18 libc.a(console.o)
 .debug_ranges  0x0000000000000018       0x30 libc.a(stdio.o)

.debug_macro
 *(.debug_macro)

.debug_addr
 *(.debug_addr)

.gnu.attributes
 *(.gnu.attributes)

/DISCARD/
 *(.note.GNU-stack)
 *(.gnu_debuglink)
 *(.gnu.lto_*)
LOAD malloc-3m3f.o
LOAD libc.a
OUTPUT(malloc-3m3f elf32-i386)
